// Jest Snapshot v1, https://goo.gl/fbAQLP

exports[`snapShot test getRestorationStrategy 1`] = `
[
  {
    "title": "Assisted Natural Regeneration",
    "value": "assisted-natural-regeneration",
  },
  {
    "title": "Direct Seeding",
    "value": "direct-seeding",
  },
  {
    "title": "Tree Planting",
    "value": "tree-planting",
  },
  {
    "title": "Non-Tree based Intervention",
    "value": "non-tree-based-intervention",
  },
]
`;
