// Jest Snapshot v1, https://goo.gl/fbAQLP

exports[`snapShot getStatusOptions 1`] = `
[
  {
    "title": "Draft",
    "value": "started",
  },
  {
    "title": "Approved",
    "value": "approved",
  },
  {
    "title": "Awaiting Review",
    "value": "awaiting-approval",
  },
  {
    "title": "Restoration in progress",
    "value": "restoration-in-progress",
  },
  {
    "title": "More info requested",
    "value": "needs-more-information",
  },
]
`;
