// Jest Snapshot v1, https://goo.gl/fbAQLP

exports[`snapShot getStatusOptions 1`] = `
[
  {
    "title": "Draft",
    "value": "draft",
  },
  {
    "title": "Approved",
    "value": "approved",
  },
  {
    "title": "Pending Approval",
    "value": "pending-approval",
  },
  {
    "title": "Information Required",
    "value": "information-required",
  },
]
`;
